RECV {"type":"state","state":"THINKING"}
RECV {"type":"status","state":"sleeping"}
RECV {"type":"state","state":"LISTENING"}
RECV {"type":"state","state":"SLEEPING"}
RECV {"type":"state","state":"THINKING"}
RECV {"type":"status","state":"sleeping"}
RECV {"type":"state","state":"LISTENING"}
RECV {"type":"state","state":"SLEEPING"}
RECV {"type":"state","state":"THINKING"}
RECV {"type":"status","state":"sleeping"}
RECV {"type":"state","state":"LISTENING"}
RECV {"type":"state","state":"SLEEPING"}
RECV {"type":"state","state":"THINKING"}
RECV {"type":"status","state":"sleeping"}
RECV {"type":"state","state":"LISTENING"}
RECV {"type":"state","state":"SLEEPING"}
RECV {"type":"sys","text":"Remote connection established via QR code."}
RECV {"type":"state","state":"THINKING"}
RECV {"type":"status","state":"sleeping"}
RECV {"type":"state","state":"LISTENING"}
RECV {"type":"state","state":"SLEEPING"}
RECV {"type":"state","state":"THINKING"}
RECV {"type":"status","state":"sleeping"}
RECV {"type":"state","state":"LISTENING"}
RECV {"type":"state","state":"SLEEPING"}
RECV {"type":"state","state":"THINKING"}
RECV {"type":"status","state":"sleeping"}
RECV {"type":"state","state":"LISTENING"}
RECV {"type":"state","state":"SLEEPING"}
RECV {"type":"state","state":"THINKING"}
RECV {"type":"status","state":"sleeping"}
RECV {"type":"state","state":"LISTENING"}
RECV {"type":"state","state":"SLEEPING"}
RECV {"type":"state","state":"THINKING"}
RECV {"type":"status","state":"sleeping"}
RECV {"type":"state","state":"LISTENING"}
RECV {"type":"state","state":"SLEEPING"}
RECV {"type":"state","state":"THINKING"}
RECV {"type":"status","state":"sleeping"}
RECV {"type":"state","state":"LISTENING"}
RECV {"type":"state","state":"SLEEPING"}
RECV {"type":"state","state":"THINKING"}
RECV {"type":"status","state":"sleeping"}
RECV {"type":"state","state":"LISTENING"}
RECV {"type":"state","state":"SLEEPING"}
RECV {"type":"state","state":"THINKING"}
RECV {"type":"status","state":"sleeping"}
RECV {"type":"state","state":"LISTENING"}
RECV {"type":"state","state":"SLEEPING"}
RECV {"type":"sys","text":"Remote connection established via QR code."}
RECV {"type":"state","state":"THINKING"}
RECV {"type":"status","state":"sleeping"}
RECV {"type":"state","state":"LISTENING"}
RECV {"type":"state","state":"SLEEPING"}
SENT {"type":"command","enc":"eIvdzFtapAYx9lJqpULBwmTXRIpEEwadXiffjGgtDzs="}
RECV {"type":"state","state":"THINKING"}
SENT {"type":"command","enc":"Wd5//7SAfh5f3OvOcAQRA2TPwUiXEHhHpJc+GdT0j6U="}
RECV {"type":"status","state":"sleeping"}
RECV {"type":"state","state":"LISTENING"}
RECV {"type":"state","state":"SLEEPING"}
SENT {"type":"command","enc":"UnXo0O06Pg/8DkfS1x6A52ySBejCZ8u0hNWv3zv8MfQmLW+GQNx04igyBLH0vAgv"}
RECV {"type":"state","state":"THINKING"}
RECV {"type":"status","state":"sleeping"}
RECV {"type":"state","state":"LISTENING"}
RECV {"type":"state","state":"SLEEPING"}
SENT {"type":"image_attach","data":"iVBORw0KGgoAAAANSUhEUgAAAAEAAAABCAYAAAAfFcSJAAAADUlEQVR42mP8z8BQDwAEhQGAhKmMIQAAAABJRU5ErkJggg==","mime":"image/png"}
RECV {"type":"state","state":"THINKING"}
RECV {"type":"status","state":"sleeping"}
RECV {"type":"state","state":"LISTENING"}
RECV {"type":"state","state":"SLEEPING"}
SENT this is not json
RECV {"type":"sys","text":"Remote connection established via QR code."}
RECV {"type":"state","state":"THINKING"}
RECV {"type":"status","state":"sleeping"}
RECV {"type":"state","state":"LISTENING"}
RECV {"type":"state","state":"SLEEPING"}
RECV {"type":"state","state":"THINKING"}
RECV {"type":"status","state":"sleeping"}
RECV {"type":"state","state":"LISTENING"}
RECV {"type":"state","state":"SLEEPING"}
RECV {"type":"state","state":"THINKING"}
RECV {"type":"status","state":"sleeping"}
RECV {"type":"state","state":"LISTENING"}
RECV {"type":"state","state":"SLEEPING"}
RECV {"type":"state","state":"THINKING"}
RECV {"type":"status","state":"sleeping"}
RECV {"type":"state","state":"LISTENING"}
RECV {"type":"state","state":"SLEEPING"}
RECV {"type":"state","state":"THINKING"}
RECV {"type":"status","state":"sleeping"}
RECV {"type":"state","state":"LISTENING"}
RECV {"type":"state","state":"SLEEPING"}
RECV {"type":"state","state":"THINKING"}
RECV {"type":"status","state":"sleeping"}
RECV {"type":"state","state":"LISTENING"}
RECV {"type":"state","state":"SLEEPING"}
RECV {"type":"state","state":"THINKING"}
RECV {"type":"status","state":"sleeping"}
RECV {"type":"state","state":"LISTENING"}
RECV {"type":"state","state":"SLEEPING"}
RECV {"type":"state","state":"THINKING"}
RECV {"type":"status","state":"sleeping"}
RECV {"type":"state","state":"LISTENING"}
RECV {"type":"state","state":"SLEEPING"}
RECV {"type":"sys","text":"Remote connection established via QR code."}
RECV {"type":"state","state":"THINKING"}
RECV {"type":"status","state":"sleeping"}
RECV {"type":"state","state":"LISTENING"}
RECV {"type":"state","state":"SLEEPING"}
RECV {"type":"state","state":"THINKING"}
RECV {"type":"status","state":"sleeping"}
RECV {"type":"state","state":"LISTENING"}
RECV {"type":"state","state":"SLEEPING"}
RECV {"type":"state","state":"THINKING"}
RECV {"type":"status","state":"sleeping"}
RECV {"type":"state","state":"LISTENING"}
RECV {"type":"state","state":"SLEEPING"}
RECV {"type":"state","state":"THINKING"}
RECV {"type":"status","state":"sleeping"}
RECV {"type":"state","state":"LISTENING"}
RECV {"type":"state","state":"SLEEPING"}
RECV {"type":"state","state":"THINKING"}
RECV {"type":"state","state":"THINKING"}
RECV {"type":"status","state":"sleeping"}
RECV {"type":"status","state":"sleeping"}
RECV {"type":"state","state":"LISTENING"}
RECV {"type":"state","state":"SLEEPING"}
RECV {"type":"state","state":"LISTENING"}
RECV {"type":"state","state":"SLEEPING"}
