RECV {"type":"state","state":"SLEEPING"}
RECV {"type":"state","state":"THINKING"}
RECV {"type":"status","state":"active"}
RECV {"type":"state","state":"LISTENING"}
RECV {"type":"status","state":"sleeping"}
RECV {"type":"state","state":"LISTENING"}
RECV {"type":"state","state":"SLEEPING"}
RECV {"type":"state","state":"THINKING"}
RECV {"type":"status","state":"active"}
RECV {"type":"state","state":"LISTENING"}
RECV {"type":"status","state":"sleeping"}
RECV {"type":"state","state":"LISTENING"}
RECV {"type":"state","state":"SLEEPING"}
RECV {"type":"state","state":"THINKING"}
RECV {"type":"status","state":"active"}
RECV {"type":"state","state":"LISTENING"}
RECV {"type":"status","state":"sleeping"}
RECV {"type":"state","state":"LISTENING"}
RECV {"type":"state","state":"SLEEPING"}
RECV {"type":"state","state":"THINKING"}
RECV {"type":"status","state":"active"}
RECV {"type":"state","state":"LISTENING"}
RECV {"type":"status","state":"sleeping"}
RECV {"type":"state","state":"LISTENING"}
RECV {"type":"state","state":"SLEEPING"}
RECV {"type":"state","state":"THINKING"}
RECV {"type":"status","state":"active"}
RECV {"type":"state","state":"LISTENING"}
RECV {"type":"status","state":"sleeping"}
RECV {"type":"state","state":"LISTENING"}
RECV {"type":"state","state":"SLEEPING"}
RECV {"type":"state","state":"THINKING"}
RECV {"type":"status","state":"active"}
RECV {"type":"state","state":"LISTENING"}
RECV {"type":"status","state":"sleeping"}
RECV {"type":"state","state":"LISTENING"}
RECV {"type":"state","state":"SLEEPING"}
RECV {"type":"state","state":"THINKING"}
RECV {"type":"status","state":"active"}
RECV {"type":"state","state":"LISTENING"}
RECV {"type":"status","state":"sleeping"}
RECV {"type":"state","state":"LISTENING"}
RECV {"type":"state","state":"SLEEPING"}
RECV {"type":"state","state":"THINKING"}
RECV {"type":"status","state":"active"}
RECV {"type":"state","state":"LISTENING"}
RECV {"type":"status","state":"sleeping"}
RECV {"type":"state","state":"LISTENING"}
RECV {"type":"state","state":"SLEEPING"}
RECV {"type":"sys","text":"Remote connection established via QR code."}
RECV {"type":"state","state":"THINKING"}
RECV {"type":"status","state":"active"}
RECV {"type":"state","state":"LISTENING"}
RECV {"type":"status","state":"sleeping"}
RECV {"type":"state","state":"LISTENING"}
RECV {"type":"state","state":"SLEEPING"}
SENT {"type":"command","enc":"ZNds7Et33H80z2uq7kwcvU1F0ASDXo5LwYXgIUTJX6JxwCSDh40LPqCznt4X5PmWCHYGcmbdvSTeMWexF7I0Xrc3TFbS6KlTwCaEfI9Kp1I="}
RECV {"type":"state","state":"THINKING"}
RECV {"type":"status","state":"active"}
RECV {"type":"state","state":"LISTENING"}
RECV {"type":"status","state":"sleeping"}
RECV {"type":"state","state":"LISTENING"}
RECV {"type":"state","state":"SLEEPING"}
SENT {"type":"command","enc":"REyrX7tjrMBmQxNhoFckKU+7b2fL8YRmOpMDumGXZlvLuZ8Ak5tf7p0G63o/yFDlg6NV+0UoLRbDMxrpOLc1H8y4pcdpthXQ1TgUJ/5Nuj5iGGi0JoImvMlrLjt+7o9w"}
RECV {"type":"state","state":"THINKING"}
RECV {"type":"status","state":"active"}
RECV {"type":"state","state":"LISTENING"}
RECV {"type":"status","state":"sleeping"}
RECV {"type":"state","state":"LISTENING"}
RECV {"type":"state","state":"SLEEPING"}
RECV {"type":"kernel_event","event_type":"health.error","component":"tool","name":"read_file","error":"file not found"}
RECV {"type":"state","state":"THINKING"}
RECV {"type":"status","state":"active"}
RECV {"type":"state","state":"LISTENING"}
RECV {"type":"status","state":"sleeping"}
RECV {"type":"state","state":"LISTENING"}
RECV {"type":"state","state":"SLEEPING"}
RECV {"type":"state","state":"THINKING"}
RECV {"type":"kernel_event","event_type":"","job_id":"job-audit-001","status":"running","step":"init","error":null}
RECV {"type":"status","state":"active"}
RECV {"type":"state","state":"LISTENING"}
RECV {"type":"status","state":"sleeping"}
RECV {"type":"state","state":"LISTENING"}
RECV {"type":"state","state":"SLEEPING"}
RECV {"type":"kernel_event","event_type":"proactive.decision","rule":"home-motion","message":"Sir, I detected motion in the front_door.","fired":false,"suppressed":false}
