RECV {"type":"state","state":"SLEEPING"}
RECV {"type":"state","state":"THINKING"}
RECV {"type":"status","state":"active"}
RECV {"type":"state","state":"LISTENING"}
RECV {"type":"status","state":"sleeping"}
RECV {"type":"state","state":"LISTENING"}
RECV {"type":"state","state":"SLEEPING"}
RECV {"type":"state","state":"THINKING"}
RECV {"type":"status","state":"active"}
RECV {"type":"state","state":"LISTENING"}
RECV {"type":"status","state":"sleeping"}
RECV {"type":"state","state":"LISTENING"}
RECV {"type":"state","state":"SLEEPING"}
RECV {"type":"state","state":"THINKING"}
RECV {"type":"status","state":"active"}
RECV {"type":"state","state":"LISTENING"}
RECV {"type":"status","state":"sleeping"}
RECV {"type":"state","state":"LISTENING"}
RECV {"type":"state","state":"SLEEPING"}
RECV {"type":"state","state":"THINKING"}
RECV {"type":"status","state":"active"}
RECV {"type":"state","state":"LISTENING"}
RECV {"type":"status","state":"sleeping"}
RECV {"type":"state","state":"LISTENING"}
RECV {"type":"state","state":"SLEEPING"}
RECV {"type":"state","state":"THINKING"}
RECV {"type":"status","state":"active"}
RECV {"type":"state","state":"LISTENING"}
RECV {"type":"status","state":"sleeping"}
RECV {"type":"state","state":"LISTENING"}
RECV {"type":"state","state":"SLEEPING"}
RECV {"type":"state","state":"THINKING"}
RECV {"type":"status","state":"active"}
RECV {"type":"state","state":"LISTENING"}
RECV {"type":"status","state":"sleeping"}
RECV {"type":"state","state":"LISTENING"}
RECV {"type":"state","state":"SLEEPING"}
RECV {"type":"state","state":"THINKING"}
RECV {"type":"status","state":"active"}
RECV {"type":"state","state":"LISTENING"}
RECV {"type":"status","state":"sleeping"}
RECV {"type":"state","state":"LISTENING"}
RECV {"type":"state","state":"SLEEPING"}
RECV {"type":"state","state":"THINKING"}
RECV {"type":"status","state":"active"}
RECV {"type":"state","state":"LISTENING"}
RECV {"type":"status","state":"sleeping"}
RECV {"type":"state","state":"LISTENING"}
RECV {"type":"state","state":"SLEEPING"}
RECV {"type":"sys","text":"Remote connection established via QR code."}
RECV {"type":"state","state":"THINKING"}
RECV {"type":"status","state":"active"}
RECV {"type":"state","state":"LISTENING"}
RECV {"type":"status","state":"sleeping"}
RECV {"type":"state","state":"LISTENING"}
RECV {"type":"state","state":"SLEEPING"}
SENT {"type":"command","enc":"tUneeZtDW+e/rinRiRCJOeZKi7aP1gSLPkovHSCBLOU="}
RECV {"type":"state","state":"THINKING"}
RECV {"type":"status","state":"active"}
RECV {"type":"state","state":"LISTENING"}
RECV {"type":"status","state":"sleeping"}
RECV {"type":"state","state":"LISTENING"}
RECV {"type":"state","state":"SLEEPING"}
RECV {"type":"state","state":"THINKING"}
RECV {"type":"status","state":"active"}
RECV {"type":"state","state":"LISTENING"}
RECV {"type":"status","state":"sleeping"}
RECV {"type":"state","state":"LISTENING"}
RECV {"type":"state","state":"SLEEPING"}
RECV {"type":"state","state":"THINKING"}
RECV {"type":"status","state":"active"}
RECV {"type":"state","state":"LISTENING"}
RECV {"type":"status","state":"sleeping"}
RECV {"type":"state","state":"LISTENING"}
RECV {"type":"state","state":"SLEEPING"}
RECV {"type":"state","state":"THINKING"}
RECV {"type":"status","state":"active"}
RECV {"type":"state","state":"LISTENING"}
RECV {"type":"status","state":"sleeping"}
RECV {"type":"state","state":"LISTENING"}
RECV {"type":"state","state":"SLEEPING"}
RECV {"type":"state","state":"THINKING"}
RECV {"type":"status","state":"active"}
RECV {"type":"state","state":"LISTENING"}
RECV {"type":"status","state":"sleeping"}
RECV {"type":"state","state":"LISTENING"}
RECV {"type":"state","state":"SLEEPING"}
RECV {"type":"state","state":"THINKING"}
RECV {"type":"status","state":"active"}
RECV {"type":"state","state":"LISTENING"}
RECV {"type":"status","state":"sleeping"}
